src/components/ai-elements/speech-input.tsx(5,24): error TS2307: Cannot find module '@/components/ui/button' or its corresponding type declarations.
src/components/ai-elements/speech-input.tsx(6,25): error TS2307: Cannot find module '@/components/ui/spinner' or its corresponding type declarations.
src/components/ai-elements/speech-input.tsx(7,20): error TS2307: Cannot find module '@/lib/utils' or its corresponding type declarations.
src/components/ai-elements/speech-input.tsx(287,5): error TS17004: Cannot use JSX unless the '--jsx' flag is provided.
src/components/ai-elements/speech-input.tsx(291,11): error TS17004: Cannot use JSX unless the '--jsx' flag is provided.
src/components/ai-elements/speech-input.tsx(302,7): error TS17004: Cannot use JSX unless the '--jsx' flag is provided.
src/components/ai-elements/speech-input.tsx(314,26): error TS17004: Cannot use JSX unless the '--jsx' flag is provided.
src/components/ai-elements/speech-input.tsx(315,42): error TS17004: Cannot use JSX unless the '--jsx' flag is provided.
src/components/ai-elements/speech-input.tsx(316,44): error TS17004: Cannot use JSX unless the '--jsx' flag is provided.
