src/components/ai-elements/schema-display.tsx(180,34): error TS2322: Type 'string | number | bigint | boolean | ReactElement<unknown, string | JSXElementConstructor<any>> | Iterable<ReactNode> | Promise<...>' is not assignable to type 'string | TrustedHTML'.
  Type 'number' is not assignable to type 'string | TrustedHTML'.
src/components/ai-elements/speech-input.tsx(56,5): error TS2717: Subsequent property declarations must have the same type.  Property 'SpeechRecognition' must be of type 'new () => SpeechRecognition', but here has type 'new () => SpeechRecognition'.
src/components/ai-elements/speech-input.tsx(57,5): error TS2717: Subsequent property declarations must have the same type.  Property 'webkitSpeechRecognition' must be of type 'new () => SpeechRecognition', but here has type 'new () => SpeechRecognition'.
src/components/ai-elements/terminal.tsx(136,21): error TS2741: Property 'children' is missing in type '{ className: string; }' but required in type 'TextShimmerProps'.
src/components/ui/resizable.tsx(12,51): error TS2339: Property 'PanelGroup' does not exist on type 'typeof import("E:/Dhiraj/cursorClone/polaris/node_modules/react-resizable-panels/dist/react-resizable-panels")'.
src/components/ui/resizable.tsx(14,25): error TS2339: Property 'PanelGroup' does not exist on type 'typeof import("E:/Dhiraj/cursorClone/polaris/node_modules/react-resizable-panels/dist/react-resizable-panels")'.
src/components/ui/resizable.tsx(35,51): error TS2339: Property 'PanelResizeHandle' does not exist on type 'typeof import("E:/Dhiraj/cursorClone/polaris/node_modules/react-resizable-panels/dist/react-resizable-panels")'.
src/components/ui/resizable.tsx(39,25): error TS2339: Property 'PanelResizeHandle' does not exist on type 'typeof import("E:/Dhiraj/cursorClone/polaris/node_modules/react-resizable-panels/dist/react-resizable-panels")'.
src/components/ui/resizable.tsx(52,26): error TS2339: Property 'PanelResizeHandle' does not exist on type 'typeof import("E:/Dhiraj/cursorClone/polaris/node_modules/react-resizable-panels/dist/react-resizable-panels")'.
src/features/conversations/inngest/process-message.ts(214,68): error TS2339: Property 'maxIter' does not exist on type 'Agent<StateData>'.
